<div><h1>Web Methods Portfolio Analysis</h1><h2>Component Dependency Report</h2><h3>Service Dependencies</h3><ol><h4><li>orderTransform</li></h4><table><tr><td><b>Type</b></td><td>Flow Service</td></tr><tr><td><b>Full Name</b></td><td>LogistiCare.services:orderTransform</td></tr><tr><td><b>Package</b></td><td>LogistiCare</td></tr></table><b>Internal Service Dependencies</b><ul><li>Type: AdapterService,Name: insertOrders,Full Name: LogistiCare.db:insertOrders,Package: LogistiCare</li><b>Node Dependencies</b><ul><li>Type: ConnectionData,Name: lcProdDB,Full Name: LogistiCare.db:lcProdDB,Package: LogistiCare</li></ul><li>Type: Flow Service,Name: receiveAndInsertVehicleTelem,Full Name: LogistiCare.services:receiveAndInsertVehicleTelem,Package: LogistiCare</li><b>Internal Service Dependencies</b><ul><li>Type: AdapterService,Name: insertVehicleInfo,Full Name: LogistiCare.db:insertVehicleInfo,Package: LogistiCare</li><b>Node Dependencies</b><ul><li>Type: ConnectionData,Name: lcProdDB,Full Name: LogistiCare.db:lcProdDB,Package: LogistiCare</li></ul><li>Type: Flow Service,Name: storeForDeltaCheck,Full Name: LogistiCare.services:storeForDeltaCheck,Package: LogistiCare</li><b>External Service Dependencies</b><ul><li>pub.cache:put</li><li>pub.flow:debugLog</li><li>pub.flow:getLastError</li></ul><li>Type: flow,Name: storeForDeltaCheck,Full Name: LogistiCare.services:storeForDeltaCheck,Package: LogistiCare</li><b>Node Dependencies</b><ul><li>Type: record,Name: vehicleTelemetry,Full Name: LogistiCare.docs:vehicleTelemetry,Package: LogistiCare</li></ul><li>Type: Flow Service,Name: vehicleFFtoXML,Full Name: LogistiCare.services:vehicleFFtoXML,Package: LogistiCare</li><b>External Service Dependencies</b><ul><li>pub.flatFile:convertToValues</li><li>pub.io:streamToString</li></ul><li>Type: flow,Name: vehicleFFtoXML,Full Name: LogistiCare.services:vehicleFFtoXML,Package: LogistiCare</li><b>Node Dependencies</b><ul><li>Type: record,Name: vehicleTelemDT,Full Name: LogistiCare.ff:vehicleTelemDT,Package: LogistiCare</li></ul></ul><b>Node Dependencies</b><ul><li>Type: AdapterService,Name: insertVehicleInfo,Full Name: LogistiCare.db:insertVehicleInfo,Package: LogistiCare</li><b>Node Dependencies</b><ul><li>Type: ConnectionData,Name: lcProdDB,Full Name: LogistiCare.db:lcProdDB,Package: LogistiCare</li></ul><li>Type: flow,Name: storeForDeltaCheck,Full Name: LogistiCare.services:storeForDeltaCheck,Package: LogistiCare</li><b>Node Dependencies</b><ul><li>Type: record,Name: vehicleTelemetry,Full Name: LogistiCare.docs:vehicleTelemetry,Package: LogistiCare</li></ul><li>Type: flow,Name: vehicleFFtoXML,Full Name: LogistiCare.services:vehicleFFtoXML,Package: LogistiCare</li><b>Node Dependencies</b><ul><li>Type: record,Name: vehicleTelemDT,Full Name: LogistiCare.ff:vehicleTelemDT,Package: LogistiCare</li></ul></ul><li>Type: flow,Name: receiveAndInsertVehicleTelem,Full Name: LogistiCare.services:receiveAndInsertVehicleTelem,Package: LogistiCare</li></ul><b>External Service Dependencies</b><ul><li>pub.flow:debugLog</li><li>pub.flow:getLastError</li><li>pub.math:multiplyInts</li><li>pub.string:concat</li><li>pub.string:tokenize</li><li>pub.xml:documentToXMLString</li></ul><b>Node Dependencies</b><ul><li>Type: AdapterService,Name: insertOrders,Full Name: LogistiCare.db:insertOrders,Package: LogistiCare</li><b>Node Dependencies</b><ul><li>Type: ConnectionData,Name: lcProdDB,Full Name: LogistiCare.db:lcProdDB,Package: LogistiCare</li></ul><li>Type: flow,Name: receiveAndInsertVehicleTelem,Full Name: LogistiCare.services:receiveAndInsertVehicleTelem,Package: LogistiCare</li></ul><h4><li>pickUpNewForDelta</li></h4><table><tr><td><b>Type</b></td><td>Flow Service</td></tr><tr><td><b>Full Name</b></td><td>LogistiCare.services:pickUpNewForDelta</td></tr><tr><td><b>Package</b></td><td>LogistiCare</td></tr></table><b>Internal Service Dependencies</b><ul><li>Type: Flow Service,Name: findDeltas,Full Name: LogistiCare.services:findDeltas,Package: LogistiCare</li><b>External Service Dependencies</b><ul><li>pub.cache:get</li><li>pub.flow:debugLog</li><li>pub.flow:getLastError</li><li>pub.string:compareStrings</li></ul><li>Type: flow,Name: findDeltas,Full Name: LogistiCare.services:findDeltas,Package: LogistiCare</li><b>Node Dependencies</b><ul><li>Type: record,Name: vehicleTelemetry,Full Name: LogistiCare.docs:vehicleTelemetry,Package: LogistiCare</li></ul></ul><b>External Service Dependencies</b><ul><li>pub.file:getFile</li><li>pub.flatFile:convertToValues</li><li>pub.io:streamToString</li></ul><b>Node Dependencies</b><ul><li>Type: flow,Name: findDeltas,Full Name: LogistiCare.services:findDeltas,Package: LogistiCare</li><b>Node Dependencies</b><ul><li>Type: record,Name: vehicleTelemetry,Full Name: LogistiCare.docs:vehicleTelemetry,Package: LogistiCare</li></ul></ul><h4><li>clearCache</li></h4><table><tr><td><b>Type</b></td><td>Flow Service</td></tr><tr><td><b>Full Name</b></td><td>LogistiCare.util:clearCache</td></tr><tr><td><b>Package</b></td><td>LogistiCare</td></tr></table><b>External Service Dependencies</b><ul><li>pub.cache:removeAll</li></ul><h4><li>temp</li></h4><table><tr><td><b>Type</b></td><td>Flow Service</td></tr><tr><td><b>Full Name</b></td><td>LogistiCare.util:temp</td></tr><tr><td><b>Package</b></td><td>LogistiCare</td></tr></table><b>External Service Dependencies</b><ul><li>pub.file:stringToFile</li><li>pub.xml:documentToXMLString</li></ul><h4><li>getMyData</li></h4><table><tr><td><b>Type</b></td><td>Flow Service</td></tr><tr><td><b>Full Name</b></td><td>myPackage.services:getMyData</td></tr><tr><td><b>Package</b></td><td>myPackage</td></tr></table><b>Internal Service Dependencies</b><ul><li>Type: AdapterService,Name: getMyInvoices,Full Name: myPackage.adapters:getMyInvoices,Package: myPackage</li><b>Node Dependencies</b><ul><li>Type: ConnectionData,Name: mySQLdb,Full Name: myPackage.adapters:mySQLdb,Package: myPackage</li></ul></ul><b>Node Dependencies</b><ul><li>Type: AdapterService,Name: getMyInvoices,Full Name: myPackage.adapters:getMyInvoices,Package: myPackage</li><b>Node Dependencies</b><ul><li>Type: ConnectionData,Name: mySQLdb,Full Name: myPackage.adapters:mySQLdb,Package: myPackage</li></ul></ul><h4><li>handleFTPfile</li></h4><table><tr><td><b>Type</b></td><td>Flow Service</td></tr><tr><td><b>Full Name</b></td><td>myPackage.services:handleFTPfile</td></tr><tr><td><b>Package</b></td><td>myPackage</td></tr></table><b>External Service Dependencies</b><ul><li>pub.flow:debugLog</li><li>pub.xml:documentToXMLString</li><li>pub.xml:xmlNodeToDocument</li></ul><h4><li>getInventory</li></h4><table><tr><td><b>Type</b></td><td>Flow Service</td></tr><tr><td><b>Full Name</b></td><td>myPackage.services.petStore:getInventory</td></tr><tr><td><b>Package</b></td><td>myPackage</td></tr></table><b>Internal Service Dependencies</b><ul><li>Type: Flow Service,Name: getInventory,Full Name: myPackage.ws.petStoreAPI_.connectors:getInventory,Package: myPackage</li><b>External Service Dependencies</b><ul><li>pub.client:restClient</li><li>pub.flow:clearPipeline</li></ul><li>Type: flow,Name: getInventory,Full Name: myPackage.ws.petStoreAPI_.connectors:getInventory,Package: myPackage</li></ul><b>Node Dependencies</b><ul><li>Type: flow,Name: getInventory,Full Name: myPackage.ws.petStoreAPI_.connectors:getInventory,Package: myPackage</li></ul><h4><li>placeOrder</li></h4><table><tr><td><b>Type</b></td><td>Flow Service</td></tr><tr><td><b>Full Name</b></td><td>myPackage.services.petStore:placeOrder</td></tr><tr><td><b>Package</b></td><td>myPackage</td></tr></table><b>Internal Service Dependencies</b><ul><li>Type: Flow Service,Name: placeOrder,Full Name: myPackage.ws.petStoreAPI_.connectors:placeOrder,Package: myPackage</li><b>External Service Dependencies</b><ul><li>pub.client:restClient</li><li>pub.flow:clearPipeline</li></ul><li>Type: flow,Name: placeOrder,Full Name: myPackage.ws.petStoreAPI_.connectors:placeOrder,Package: myPackage</li><b>Node Dependencies</b><ul><li>Type: record,Name: Order,Full Name: myPackage.ws.petStoreAPI_.docTypes:Order,Package: myPackage</li></ul></ul><b>Node Dependencies</b><ul><li>Type: flow,Name: placeOrder,Full Name: myPackage.ws.petStoreAPI_.connectors:placeOrder,Package: myPackage</li><b>Node Dependencies</b><ul><li>Type: record,Name: Order,Full Name: myPackage.ws.petStoreAPI_.docTypes:Order,Package: myPackage</li></ul></ul><h4><li>sendFTPfile</li></h4><table><tr><td><b>Type</b></td><td>Flow Service</td></tr><tr><td><b>Full Name</b></td><td>myPackage.services:sendFTPfile</td></tr><tr><td><b>Package</b></td><td>myPackage</td></tr></table><b>External Service Dependencies</b><ul><li>pub.client.ftp:login</li><li>pub.client.ftp:put</li><li>pub.xml:documentToXMLString</li></ul><h4><li>sendToTN</li></h4><table><tr><td><b>Type</b></td><td>Flow Service</td></tr><tr><td><b>Full Name</b></td><td>myPackage.services:sendToTN</td></tr><tr><td><b>Package</b></td><td>myPackage</td></tr></table></ol><h2>API Dependencies</h2><ol><h4><li>calcShipAPIDesc</li></h4><table><tr><td><b>Type</b></td><td>restDescriptor</td></tr><tr><td><b>Full Name</b></td><td>myPackage.ws:calcShipAPIDesc</td></tr><tr><td><b>Package</b></td><td>myPackage</td></tr></table><b>Node Dependencies</b><ul><li>Type: restResource,Name: calcShippingREST,Full Name: myPackage.ws:calcShippingREST,Package: myPackage</li><b>Node Dependencies</b><ul><li>Type: flow,Name: calculateShipping,Full Name: myPackage.services:calculateShipping,Package: myPackage</li><li>Type: record,Name: calcShippingREST,Full Name: myPackage.ws.calcShippingREST_.docTypes:calcShippingREST,Package: myPackage</li></ul></ul><h4><li>calcShippingWSD</li></h4><table><tr><td><b>Type</b></td><td>webServiceDescriptor</td></tr><tr><td><b>Full Name</b></td><td>myPackage.ws:calcShippingWSD</td></tr><tr><td><b>Package</b></td><td>myPackage</td></tr></table><b>Node Dependencies</b><ul><li>Type: flow,Name: calculateShipping,Full Name: myPackage.services:calculateShipping,Package: myPackage</li></ul></ol></div>